[   82845ms] [ERROR] Failed to load resource: the server responded with a status of 404 () @ https://raw.githubusercontent.com/JuniorVln/focus-network-next/master/public/logo-focus.png:0
[ 1562931ms] [ERROR] Failed to load resource: the server responded with a status of 500 (Internal Server Error) @ http://localhost:3000/:0
[ 1703809ms] [INFO] %cDownload the React DevTools for a better development experience: https://react.dev/link/react-devtools font-weight:bold @ http://localhost:3000/_next/static/chunks/node_modules_react-dom_0bruynb._.js:15305
[ 1704026ms] SyntaxError: Unexpected end of JSON input
    at JSON.parse (<anonymous>)
    at ManifestsMap.set (file://C:\Users\junio\Projects\focus-network-next\node_modules\next\dist\shared\lib\turbopack\manifest-loader.js:61:32)
    at TurbopackManifestLoader.loadBuildManifest (file://C:\Users\junio\Projects\focus-network-next\node_modules\next\dist\shared\lib\turbopack\manifest-loader.js:195:29)
    at handlePagesErrorRoute (file://C:\Users\junio\Projects\focus-network-next\node_modules\next\dist\server\dev\turbopack-utils.js:610:26)
    at async (file://C:\Users\junio\Projects\focus-network-next\node_modules\next\dist\server\dev\hot-reloader-turbopack.js:1263:25)
    at async Span.traceAsyncFn (file://C:\Users\junio\Projects\focus-network-next\node_modules\next\dist\trace\trace.js:164:20)
    at async DevBundlerService.ensurePage (file://C:\Users\junio\Projects\focus-network-next\node_modules\next\dist\server\lib\dev-bundler-service.js:20:20)
    at async DevServer.ensurePage (file://C:\Users\junio\Projects\focus-network-next\node_modules\next\dist\server\dev\next-dev-server.js:684:9)
    at async DevServer.findPageComponents (file://C:\Users\junio\Projects\focus-network-next\node_modules\next\dist\server\dev\next-dev-server.js:695:13)
    at async DevServer.renderErrorToResponseImpl (file://C:\Users\junio\Projects\focus-network-next\node_modules\next\dist\server\base-server.js:1745:26)
    at async pipe.req.req (file://C:\Users\junio\Projects\focus-network-next\node_modules\next\dist\server\base-server.js:1652:30)
    at async DevServer.pipeImpl (file://C:\Users\junio\Projects\focus-network-next\node_modules\next\dist\server\base-server.js:1043:25)
    at async NextNodeServer.handleCatchallRenderRequest (file://C:\Users\junio\Projects\focus-network-next\node_modules\next\dist\server\next-server.js:353:21)
    at async DevServer.handleRequestImpl (file://C:\Users\junio\Projects\focus-network-next\node_modules\next\dist\server\base-server.js:934:17)
    at async (file://C:\Users\junio\Projects\focus-network-next\node_modules\next\dist\server\dev\next-dev-server.js:394:20)
    at async Span.traceAsyncFn (file://C:\Users\junio\Projects\focus-network-next\node_modules\next\dist\trace\trace.js:164:20)
    at async DevServer.handleRequest (file://C:\Users\junio\Projects\focus-network-next\node_modules\next\dist\server\dev\next-dev-server.js:390:24)
    at async invokeRender (file://C:\Users\junio\Projects\focus-network-next\node_modules\next\dist\server\lib\router-server.js:266:21)
    at async handleRequest (file://C:\Users\junio\Projects\focus-network-next\node_modules\next\dist\server\lib\router-server.js:465:24)
    at async requestHandlerImpl (file://C:\Users\junio\Projects\focus-network-next\node_modules\next\dist\server\lib\router-server.js:514:13)
    at async Server.requestListener (file://C:\Users\junio\Projects\focus-network-next\node_modules\next\dist\server\lib\start-server.js:225:13)
[ 1721425ms] [LOG] [HMR] connected @ http://localhost:3000/_next/static/chunks/node_modules_next_dist_0k8zr~w._.js:1226
[ 2932531ms] [ERROR] WebSocket connection to 'ws://localhost:3000/_next/webpack-hmr' failed: Error in connection establishment: net::ERR_CONNECTION_REFUSED @ http://localhost:3000/_next/static/chunks/node_modules_next_dist_client_0pe1dg-._.js:2342
[ 2935903ms] [ERROR] WebSocket connection to 'ws://localhost:3000/_next/webpack-hmr' failed: Error in connection establishment: net::ERR_CONNECTION_REFUSED @ http://localhost:3000/_next/static/chunks/node_modules_next_dist_client_0pe1dg-._.js:2342
[ 2939280ms] [ERROR] WebSocket connection to 'ws://localhost:3000/_next/webpack-hmr' failed: Error in connection establishment: net::ERR_CONNECTION_REFUSED @ http://localhost:3000/_next/static/chunks/node_modules_next_dist_client_0pe1dg-._.js:2342
[ 2942639ms] [ERROR] WebSocket connection to 'ws://localhost:3000/_next/webpack-hmr' failed: Error in connection establishment: net::ERR_CONNECTION_REFUSED @ http://localhost:3000/_next/static/chunks/node_modules_next_dist_client_0pe1dg-._.js:2342
[ 2946014ms] [ERROR] WebSocket connection to 'ws://localhost:3000/_next/webpack-hmr' failed: Error in connection establishment: net::ERR_CONNECTION_REFUSED @ http://localhost:3000/_next/static/chunks/node_modules_next_dist_client_0pe1dg-._.js:2342
[ 2953394ms] [ERROR] WebSocket connection to 'ws://localhost:3000/_next/webpack-hmr' failed: Error in connection establishment: net::ERR_CONNECTION_REFUSED @ http://localhost:3000/_next/static/chunks/node_modules_next_dist_client_0pe1dg-._.js:2342
[ 2960767ms] [ERROR] WebSocket connection to 'ws://localhost:3000/_next/webpack-hmr' failed: Error in connection establishment: net::ERR_CONNECTION_REFUSED @ http://localhost:3000/_next/static/chunks/node_modules_next_dist_client_0pe1dg-._.js:2342
[ 2968135ms] [ERROR] WebSocket connection to 'ws://localhost:3000/_next/webpack-hmr' failed: Error in connection establishment: net::ERR_CONNECTION_REFUSED @ http://localhost:3000/_next/static/chunks/node_modules_next_dist_client_0pe1dg-._.js:2342
[ 2975510ms] [ERROR] WebSocket connection to 'ws://localhost:3000/_next/webpack-hmr' failed: Error in connection establishment: net::ERR_CONNECTION_REFUSED @ http://localhost:3000/_next/static/chunks/node_modules_next_dist_client_0pe1dg-._.js:2342
[ 2982911ms] [ERROR] WebSocket connection to 'ws://localhost:3000/_next/webpack-hmr' failed: Error in connection establishment: net::ERR_CONNECTION_REFUSED @ http://localhost:3000/_next/static/chunks/node_modules_next_dist_client_0pe1dg-._.js:2342
[ 2990318ms] [ERROR] WebSocket connection to 'ws://localhost:3000/_next/webpack-hmr' failed: Error in connection establishment: net::ERR_CONNECTION_REFUSED @ http://localhost:3000/_next/static/chunks/node_modules_next_dist_client_0pe1dg-._.js:2342
[ 2997765ms] [ERROR] WebSocket connection to 'ws://localhost:3000/_next/webpack-hmr' failed: Error in connection establishment: net::ERR_CONNECTION_REFUSED @ http://localhost:3000/_next/static/chunks/node_modules_next_dist_client_0pe1dg-._.js:2342
[ 4835571ms] [INFO] %cDownload the React DevTools for a better development experience: https://react.dev/link/react-devtools font-weight:bold @ http://localhost:3000/_next/static/chunks/node_modules_next_dist_115brz8._.js:2431
[ 4835779ms] [LOG] [HMR] connected @ http://localhost:3000/_next/static/chunks/node_modules_next_dist_115brz8._.js:2431
[ 4836193ms] [ERROR] A tree hydrated but some attributes of the server rendered HTML didn't match the client properties. This won't be patched up. This can happen if a SSR-ed Client Component used:

- A server/client branch `if (typeof window !== 'undefined')`.
- Variable input such as `Date.now()` or `Math.random()` which changes each time it's called.
- Date formatting in a user's locale which doesn't match the server.
- External changing data without sending a snapshot of it along with the HTML.
- Invalid HTML tag nesting.

It can also happen if the client has a browser extension installed which messes with the HTML before React loaded.

%s%s https://react.dev/link/hydration-mismatch 

  ...
    <SegmentViewNode type="page" pagePath="page.tsx">
      <SegmentTrieNode>
      <Home>
        <Navbar>
        <main>
          <HeroSection>
          <FeaturesSection>
            <Section className="FeaturesSe..." id="solucoes">
              <section id="solucoes" className="FeaturesSe...">
                <Container>
                  <div className={"containe..."} style={{maxWidth:"...", ...}}>
                    <header>
                    <div>
                    <div className="FeaturesSe...">
                      <div>
                      <div className="FeaturesSe...">
                        <div className="FeaturesSe...">
                          <div className="FeaturesSe...">
                            <div>
                            <div className="FeaturesSe...">
                              <div>
                              <div>
                              <div>
                              <div>
                              <div>
                              <div
                                className="FeaturesSection-module___Q44mG__waveBar"
                                style={{
+                                 height: "35.94652504363848px"
-                                 height: "35.9465px"
                                }}
                              >
                              ...
                            ...
                        ...
                      ...
                    ...
          ...
        ...
    ...
 @ http://localhost:3000/_next/static/chunks/node_modules_next_dist_115brz8._.js:3272
[ 6020944ms] [ERROR] WebSocket connection to 'ws://localhost:3000/_next/webpack-hmr?id=F-vdeGwsm-CELDx-17Xex' failed: Error in connection establishment: net::ERR_CONNECTION_REFUSED @ http://localhost:3000/_next/static/chunks/node_modules_next_dist_client_0fhqo1d._.js:13299
[ 6024288ms] [ERROR] WebSocket connection to 'ws://localhost:3000/_next/webpack-hmr?id=F-vdeGwsm-CELDx-17Xex' failed: Error in connection establishment: net::ERR_CONNECTION_REFUSED @ http://localhost:3000/_next/static/chunks/node_modules_next_dist_client_0fhqo1d._.js:13299
[ 6027645ms] [ERROR] WebSocket connection to 'ws://localhost:3000/_next/webpack-hmr?id=F-vdeGwsm-CELDx-17Xex' failed: Error in connection establishment: net::ERR_CONNECTION_REFUSED @ http://localhost:3000/_next/static/chunks/node_modules_next_dist_client_0fhqo1d._.js:13299
[ 6030999ms] [ERROR] WebSocket connection to 'ws://localhost:3000/_next/webpack-hmr?id=F-vdeGwsm-CELDx-17Xex' failed: Error in connection establishment: net::ERR_CONNECTION_REFUSED @ http://localhost:3000/_next/static/chunks/node_modules_next_dist_client_0fhqo1d._.js:13299
[ 6034346ms] [ERROR] WebSocket connection to 'ws://localhost:3000/_next/webpack-hmr?id=F-vdeGwsm-CELDx-17Xex' failed: Error in connection establishment: net::ERR_CONNECTION_REFUSED @ http://localhost:3000/_next/static/chunks/node_modules_next_dist_client_0fhqo1d._.js:13299
[ 6041706ms] [ERROR] WebSocket connection to 'ws://localhost:3000/_next/webpack-hmr?id=F-vdeGwsm-CELDx-17Xex' failed: Error in connection establishment: net::ERR_CONNECTION_REFUSED @ http://localhost:3000/_next/static/chunks/node_modules_next_dist_client_0fhqo1d._.js:13299
[ 6049085ms] [ERROR] WebSocket connection to 'ws://localhost:3000/_next/webpack-hmr?id=F-vdeGwsm-CELDx-17Xex' failed: Error in connection establishment: net::ERR_CONNECTION_REFUSED @ http://localhost:3000/_next/static/chunks/node_modules_next_dist_client_0fhqo1d._.js:13299
[ 6056466ms] [ERROR] WebSocket connection to 'ws://localhost:3000/_next/webpack-hmr?id=F-vdeGwsm-CELDx-17Xex' failed: Error in connection establishment: net::ERR_CONNECTION_REFUSED @ http://localhost:3000/_next/static/chunks/node_modules_next_dist_client_0fhqo1d._.js:13299
[ 6063844ms] [ERROR] WebSocket connection to 'ws://localhost:3000/_next/webpack-hmr?id=F-vdeGwsm-CELDx-17Xex' failed: Error in connection establishment: net::ERR_CONNECTION_REFUSED @ http://localhost:3000/_next/static/chunks/node_modules_next_dist_client_0fhqo1d._.js:13299
[ 6071204ms] [ERROR] WebSocket connection to 'ws://localhost:3000/_next/webpack-hmr?id=F-vdeGwsm-CELDx-17Xex' failed: Error in connection establishment: net::ERR_CONNECTION_REFUSED @ http://localhost:3000/_next/static/chunks/node_modules_next_dist_client_0fhqo1d._.js:13299
[ 6078611ms] [ERROR] WebSocket connection to 'ws://localhost:3000/_next/webpack-hmr?id=F-vdeGwsm-CELDx-17Xex' failed: Error in connection establishment: net::ERR_CONNECTION_REFUSED @ http://localhost:3000/_next/static/chunks/node_modules_next_dist_client_0fhqo1d._.js:13299
[ 6086026ms] [ERROR] WebSocket connection to 'ws://localhost:3000/_next/webpack-hmr?id=F-vdeGwsm-CELDx-17Xex' failed: Error in connection establishment: net::ERR_CONNECTION_REFUSED @ http://localhost:3000/_next/static/chunks/node_modules_next_dist_client_0fhqo1d._.js:13299
